time.h:51:3:ros::Time::Time()	16	static
msg.h:45:7:constexpr ros::Msg::Msg()	16	static
Time.h:19:5:std_msgs::Time::Time()	16	static
Time.h:24:17:virtual int std_msgs::Time::serialize(unsigned char*) const	24	static
Time.h:40:17:virtual int std_msgs::Time::deserialize(unsigned char*)	24	static
Time.h:56:18:virtual const char* std_msgs::Time::getType()	16	static
Time.h:57:18:virtual const char* std_msgs::Time::getMD5()	16	static
TopicInfo.h:34:5:rosserial_msgs::TopicInfo::TopicInfo()	16	static
TopicInfo.h:43:17:virtual int rosserial_msgs::TopicInfo::serialize(unsigned char*) const	40	static
TopicInfo.h:77:17:virtual int rosserial_msgs::TopicInfo::deserialize(unsigned char*)	48	static
TopicInfo.h:124:18:virtual const char* rosserial_msgs::TopicInfo::getType()	16	static
TopicInfo.h:125:18:virtual const char* rosserial_msgs::TopicInfo::getMD5()	16	static
Log.h:25:5:rosserial_msgs::Log::Log()	16	static
Log.h:31:17:virtual int rosserial_msgs::Log::serialize(unsigned char*) const	24	static
Log.h:44:17:virtual int rosserial_msgs::Log::deserialize(unsigned char*)	32	static
Log.h:61:18:virtual const char* rosserial_msgs::Log::getType()	16	static
Log.h:62:18:virtual const char* rosserial_msgs::Log::getMD5()	16	static
RequestParam.h:71:5:rosserial_msgs::RequestParamResponse::RequestParamResponse()	16	static
RequestParam.h:78:17:virtual int rosserial_msgs::RequestParamResponse::serialize(unsigned char*) const	48	static
RequestParam.h:130:17:virtual int rosserial_msgs::RequestParamResponse::deserialize(unsigned char*)	64	static
RequestParam.h:200:18:virtual const char* rosserial_msgs::RequestParamResponse::getType()	16	static
RequestParam.h:201:18:virtual const char* rosserial_msgs::RequestParamResponse::getMD5()	16	static
publisher.h:48:3:ros::Publisher::Publisher(const char*, ros::Msg*, int)	24	static
publisher.h:53:7:int ros::Publisher::publish(const ros::Msg*)	16	static
publisher.h:57:7:int ros::Publisher::getEndpointType()	16	static
STM32Hardware.h:65:21:uint32_t STM32Hardware::getRdmaInd()	16	static
STM32Hardware.h:72:5:STM32Hardware::STM32Hardware()	16	static
STM32Hardware.h:80:10:void STM32Hardware::init()	16	static
STM32Hardware.h:84:10:void STM32Hardware::reset_rbuf()	16	static
STM32Hardware.h:88:9:int STM32Hardware::read()	32	static
STM32Hardware.h:97:10:void STM32Hardware::flush()	24	static
STM32Hardware.h:112:10:void STM32Hardware::write(uint8_t*, int)	32	static
STM32Hardware.h:127:19:long unsigned int STM32Hardware::time()	16	static
Header.h:23:5:std_msgs::Header::Header()	16	static
Header.h:30:17:virtual int std_msgs::Header::serialize(unsigned char*) const	24	static
Header.h:56:17:virtual int std_msgs::Header::deserialize(unsigned char*)	32	static
Header.h:86:18:virtual const char* std_msgs::Header::getType()	16	static
Header.h:87:18:virtual const char* std_msgs::Header::getMD5()	16	static
EncoderInfo.h:23:5:encoder_msgs::EncoderInfo::EncoderInfo()	16	static
EncoderInfo.h:30:17:virtual int encoder_msgs::EncoderInfo::serialize(unsigned char*) const	24	static
EncoderInfo.h:45:17:virtual int encoder_msgs::EncoderInfo::deserialize(unsigned char*)	24	static
EncoderInfo.h:60:18:virtual const char* encoder_msgs::EncoderInfo::getType()	16	static
EncoderInfo.h:61:18:virtual const char* encoder_msgs::EncoderInfo::getMD5()	16	static
String.h:18:5:std_msgs::String::String()	16	static
String.h:23:17:virtual int std_msgs::String::serialize(unsigned char*) const	24	static
String.h:34:17:virtual int std_msgs::String::deserialize(unsigned char*)	32	static
String.h:49:18:virtual const char* std_msgs::String::getType()	16	static
String.h:50:18:virtual const char* std_msgs::String::getMD5()	16	static
UInt16.h:18:5:std_msgs::UInt16::UInt16()	16	static
UInt16.h:23:17:virtual int std_msgs::UInt16::serialize(unsigned char*) const	24	static
UInt16.h:32:17:virtual int std_msgs::UInt16::deserialize(unsigned char*)	24	static
UInt16.h:41:18:virtual const char* std_msgs::UInt16::getType()	16	static
UInt16.h:42:18:virtual const char* std_msgs::UInt16::getMD5()	16	static
main.cpp:113:5:int main()	16	static
main.cpp:207:6:void SystemClock_Config()	152	static
main.cpp:262:13:void MX_ADC2_Init()	72	static
main.cpp:333:13:void MX_TIM2_Init()	48	static
main.cpp:382:13:void MX_USART2_UART_Init()	8	static
main.cpp:428:13:void MX_DMA_Init()	16	static
main.cpp:450:13:void MX_GPIO_Init()	40	static
main.cpp:491:6:void controlCallback(const std_msgs::String&)	16	static
main.cpp:509:6:void initMotor()	16	static
main.cpp:530:6:void makeMotion()	8	static
main.cpp:539:6:void doEncoderB()	8	static
main.cpp:553:6:void doEncoderA()	4	static
main.cpp:567:6:void HAL_GPIO_EXTI_Callback(uint16_t)	16	static
main.cpp:585:6:void HAL_UART_TxCpltCallback(UART_HandleTypeDef*)	16	static
main.cpp:590:6:void HAL_UART_RxCpltCallback(UART_HandleTypeDef*)	16	static
main.cpp:595:6:void setup()	8	static
main.cpp:606:6:void loop()	8	static
main.cpp:621:6:void Error_Handler()	4	static
msg.h:185:15:static void ros::Msg::varToArr(A, V) [with A = unsigned char*; V = long unsigned int]	24	static
msg.h:193:15:static void ros::Msg::arrToVar(V&, A) [with V = long unsigned int; A = unsigned char*]	24	static
node_handle.h:50:7:constexpr ros::NodeHandleBase_::NodeHandleBase_()	16	static
node_handle.h:128:3:ros::NodeHandle_<Hardware, MAX_SUBSCRIBERS, MAX_PUBLISHERS, INPUT_SIZE, OUTPUT_SIZE>::NodeHandle_() [with Hardware = STM32Hardware; int MAX_SUBSCRIBERS = 25; int MAX_PUBLISHERS = 25; int INPUT_SIZE = 512; int OUTPUT_SIZE = 512]	32	static
subscriber.h:44:7:ros::Subscriber_::Subscriber_()	16	static
subscriber.h:107:3:ros::Subscriber<MsgT, void>::Subscriber(const char*, ros::Subscriber<MsgT, void>::CallbackT, int) [with MsgT = std_msgs::String]	24	static
node_handle.h:212:15:int ros::NodeHandle_<Hardware, MAX_SUBSCRIBERS, MAX_PUBLISHERS, INPUT_SIZE, OUTPUT_SIZE>::spinOnce() [with Hardware = STM32Hardware; int MAX_SUBSCRIBERS = 25; int MAX_PUBLISHERS = 25; int INPUT_SIZE = 512; int OUTPUT_SIZE = 512]	24	static
node_handle.h:153:13:Hardware* ros::NodeHandle_<Hardware, MAX_SUBSCRIBERS, MAX_PUBLISHERS, INPUT_SIZE, OUTPUT_SIZE>::getHardware() [with Hardware = STM32Hardware; int MAX_SUBSCRIBERS = 25; int MAX_PUBLISHERS = 25; int INPUT_SIZE = 512; int OUTPUT_SIZE = 512]	16	static
node_handle.h:159:8:void ros::NodeHandle_<Hardware, MAX_SUBSCRIBERS, MAX_PUBLISHERS, INPUT_SIZE, OUTPUT_SIZE>::initNode() [with Hardware = STM32Hardware; int MAX_SUBSCRIBERS = 25; int MAX_PUBLISHERS = 25; int INPUT_SIZE = 512; int OUTPUT_SIZE = 512]	16	static
node_handle.h:431:8:bool ros::NodeHandle_<Hardware, MAX_SUBSCRIBERS, MAX_PUBLISHERS, INPUT_SIZE, OUTPUT_SIZE>::subscribe(ros::Subscriber_&) [with Hardware = STM32Hardware; int MAX_SUBSCRIBERS = 25; int MAX_PUBLISHERS = 25; int INPUT_SIZE = 512; int OUTPUT_SIZE = 512]	24	static
node_handle.h:415:8:bool ros::NodeHandle_<Hardware, MAX_SUBSCRIBERS, MAX_PUBLISHERS, INPUT_SIZE, OUTPUT_SIZE>::advertise(ros::Publisher&) [with Hardware = STM32Hardware; int MAX_SUBSCRIBERS = 25; int MAX_PUBLISHERS = 25; int INPUT_SIZE = 512; int OUTPUT_SIZE = 512]	24	static
node_handle.h:372:8:void ros::NodeHandle_<Hardware, MAX_SUBSCRIBERS, MAX_PUBLISHERS, INPUT_SIZE, OUTPUT_SIZE>::requestSyncTime() [with Hardware = STM32Hardware; int MAX_SUBSCRIBERS = 25; int MAX_PUBLISHERS = 25; int INPUT_SIZE = 512; int OUTPUT_SIZE = 512]	32	static
node_handle.h:463:8:void ros::NodeHandle_<Hardware, MAX_SUBSCRIBERS, MAX_PUBLISHERS, INPUT_SIZE, OUTPUT_SIZE>::negotiateTopics() [with Hardware = STM32Hardware; int MAX_SUBSCRIBERS = 25; int MAX_PUBLISHERS = 25; int INPUT_SIZE = 512; int OUTPUT_SIZE = 512]	56	static
node_handle.h:379:8:void ros::NodeHandle_<Hardware, MAX_SUBSCRIBERS, MAX_PUBLISHERS, INPUT_SIZE, OUTPUT_SIZE>::syncTime(uint8_t*) [with Hardware = STM32Hardware; int MAX_SUBSCRIBERS = 25; int MAX_PUBLISHERS = 25; int INPUT_SIZE = 512; int OUTPUT_SIZE = 512]	32	static
node_handle.h:494:15:int ros::NodeHandle_<Hardware, MAX_SUBSCRIBERS, MAX_PUBLISHERS, INPUT_SIZE, OUTPUT_SIZE>::publish(int, const ros::Msg*) [with Hardware = STM32Hardware; int MAX_SUBSCRIBERS = 25; int MAX_PUBLISHERS = 25; int INPUT_SIZE = 512; int OUTPUT_SIZE = 512]	40	static
node_handle.h:402:8:void ros::NodeHandle_<Hardware, MAX_SUBSCRIBERS, MAX_PUBLISHERS, INPUT_SIZE, OUTPUT_SIZE>::setNow(ros::Time&) [with Hardware = STM32Hardware; int MAX_SUBSCRIBERS = 25; int MAX_PUBLISHERS = 25; int INPUT_SIZE = 512; int OUTPUT_SIZE = 512]	24	static
node_handle.h:556:8:void ros::NodeHandle_<Hardware, MAX_SUBSCRIBERS, MAX_PUBLISHERS, INPUT_SIZE, OUTPUT_SIZE>::logerror(const char*) [with Hardware = STM32Hardware; int MAX_SUBSCRIBERS = 25; int MAX_PUBLISHERS = 25; int INPUT_SIZE = 512; int OUTPUT_SIZE = 512]	16	static
node_handle.h:535:8:void ros::NodeHandle_<Hardware, MAX_SUBSCRIBERS, MAX_PUBLISHERS, INPUT_SIZE, OUTPUT_SIZE>::log(char, const char*) [with Hardware = STM32Hardware; int MAX_SUBSCRIBERS = 25; int MAX_PUBLISHERS = 25; int INPUT_SIZE = 512; int OUTPUT_SIZE = 512]	40	static
main.cpp:627:1:void __static_initialization_and_destruction_0(int, int)	16	static
subscriber.h:114:16:void ros::Subscriber<MsgT, void>::callback(unsigned char*) [with MsgT = std_msgs::String]	16	static
subscriber.h:128:15:int ros::Subscriber<MsgT, void>::getEndpointType() [with MsgT = std_msgs::String]	16	static
subscriber.h:120:24:const char* ros::Subscriber<MsgT, void>::getMsgType() [with MsgT = std_msgs::String]	16	static
subscriber.h:124:24:const char* ros::Subscriber<MsgT, void>::getMsgMD5() [with MsgT = std_msgs::String]	16	static
node_handle.h:363:16:bool ros::NodeHandle_<Hardware, MAX_SUBSCRIBERS, MAX_PUBLISHERS, INPUT_SIZE, OUTPUT_SIZE>::connected() [with Hardware = STM32Hardware; int MAX_SUBSCRIBERS = 25; int MAX_PUBLISHERS = 25; int INPUT_SIZE = 512; int OUTPUT_SIZE = 512]	16	static
main.cpp:627:1:cpp)	8	static
